exists, skip: results/revise_repro/e6_clip/lorenz_skrtrl-r8_s0_clip0.json
exists, skip: results/revise_repro/e6_clip/lorenz_skrtrl-r8_s1_clip0.json
[lorenz/skrtrl-r8/s2] step 0 metric 2.7894 cos None
[lorenz/skrtrl-r8/s2] step 2000 metric 0.0042 cos None
[lorenz/skrtrl-r8/s2] step 4000 metric 0.0027 cos None
[lorenz/skrtrl-r8/s2] step 6000 metric 0.0034 cos None
[lorenz/skrtrl-r8/s2] step 8000 metric 0.0052 cos None
[lorenz/skrtrl-r8/s2] step 10000 metric 0.0019 cos None
[lorenz/skrtrl-r8/s2] step 12000 metric 0.0028 cos None
[lorenz/skrtrl-r8/s2] step 14000 metric 0.0032 cos None
saved results/revise_repro/e6_clip/lorenz_skrtrl-r8_s2_clip0.json (890s, 24MB)
[lorenz/skrtrl-r8/s0] step 0 metric 2.5562 cos None
[lorenz/skrtrl-r8/s0] step 2000 metric 0.0076 cos None
[lorenz/skrtrl-r8/s0] step 4000 metric 0.0062 cos None
[lorenz/skrtrl-r8/s0] step 6000 metric 0.0062 cos None
[lorenz/skrtrl-r8/s0] step 8000 metric 0.0062 cos None
[lorenz/skrtrl-r8/s0] step 10000 metric 0.0079 cos None
[lorenz/skrtrl-r8/s0] step 12000 metric 0.0036 cos None
[lorenz/skrtrl-r8/s0] step 14000 metric 0.0036 cos None
saved results/revise_repro/e6_clip/lorenz_skrtrl-r8_s0_clip0.9.json (912s, 24MB)
exists, skip: results/revise_repro/e6_clip/lorenz_skrtrl-r8_s1_clip0.9.json
exists, skip: results/revise_repro/e6_clip/lorenz_skrtrl-r8_s2_clip0.9.json
E6 REPRO DONE
